02-26-2026 @ 18:16:31 - ---[ New import started at 2026-02-26 17:16:31 ] PHP Memory: 256 MB, WP Memory: 40 MB
02-26-2026 @ 18:16:31 - Preparing for import.
02-26-2026 @ 18:16:31 - Row :1 - Parsing item.
02-26-2026 @ 18:16:31 - Importing as new product ID:10795
02-26-2026 @ 18:16:31 - Row :1 - Processing item.
02-26-2026 @ 18:16:31 - Found simple product object. ID:10795
02-26-2026 @ 18:16:31 - Setting Featured Image. URL:https://alat.printeraduo.hr/wp-content/uploads/baterijska-udarna-builica-te-2-22.jpg
02-26-2026 @ 18:16:31 - Attachment ID:10777
02-26-2026 @ 18:16:32 - Row :1 - Product imported successfully.
02-26-2026 @ 18:16:32 - Row :2 - Parsing item.
02-26-2026 @ 18:16:32 - Importing as new product ID:10796
02-26-2026 @ 18:16:32 - Row :2 - Processing item.
02-26-2026 @ 18:16:32 - Found simple product object. ID:10796
02-26-2026 @ 18:16:32 - Setting Featured Image. URL:https://alat.printeraduo.hr/wp-content/uploads/udarna-builica-te-3-c.jpg
02-26-2026 @ 18:16:32 - Attachment ID:10784
02-26-2026 @ 18:16:32 - Row :2 - Product imported successfully.
02-26-2026 @ 18:16:32 - Row :3 - Parsing item.
02-26-2026 @ 18:16:33 - Importing as new product ID:10797
02-26-2026 @ 18:16:33 - Row :3 - Processing item.
02-26-2026 @ 18:16:33 - Found simple product object. ID:10797
02-26-2026 @ 18:16:33 - Setting Featured Image. URL:https://alat.printeraduo.hr/wp-content/uploads/udarna-builica-te-3-m.jpg
02-26-2026 @ 18:16:33 - Attachment ID:10785
02-26-2026 @ 18:16:33 - Row :3 - Product imported successfully.
02-26-2026 @ 18:16:33 - Row :4 - Parsing item.
02-26-2026 @ 18:16:33 - Importing as new product ID:10798
02-26-2026 @ 18:16:33 - Row :4 - Processing item.
02-26-2026 @ 18:16:33 - Found simple product object. ID:10798
02-26-2026 @ 18:16:33 - Setting Featured Image. URL:https://alat.printeraduo.hr/wp-content/uploads/baterijska-udarna-builica-te-4-22.jpg
02-26-2026 @ 18:16:33 - Attachment ID:10778
02-26-2026 @ 18:16:33 - Row :4 - Product imported successfully.
02-26-2026 @ 18:16:33 - Row :5 - Parsing item.
02-26-2026 @ 18:16:33 - Importing as new product ID:10799
02-26-2026 @ 18:16:34 - Row :5 - Processing item.
02-26-2026 @ 18:16:34 - Found simple product object. ID:10799
02-26-2026 @ 18:16:34 - Setting Featured Image. URL:https://alat.printeraduo.hr/wp-content/uploads/baterijska-udarna-builica-te-6-22.jpg
02-26-2026 @ 18:16:34 - Attachment ID:10779
02-26-2026 @ 18:16:34 - Row :5 - Product imported successfully.
02-26-2026 @ 18:16:34 - Row :6 - Parsing item.
02-26-2026 @ 18:16:34 - Importing as new product ID:10800
02-26-2026 @ 18:16:34 - Row :6 - Processing item.
02-26-2026 @ 18:16:34 - Found simple product object. ID:10800
02-26-2026 @ 18:16:34 - Setting Featured Image. URL:https://alat.printeraduo.hr/wp-content/uploads/udarna-builica-te-6-cl.jpg
02-26-2026 @ 18:16:34 - Attachment ID:10786
02-26-2026 @ 18:16:35 - Row :6 - Product imported successfully.
02-26-2026 @ 18:16:35 - Row :7 - Parsing item.
02-26-2026 @ 18:16:35 - Importing as new product ID:10801
02-26-2026 @ 18:16:35 - Row :7 - Processing item.
02-26-2026 @ 18:16:35 - Found simple product object. ID:10801
02-26-2026 @ 18:16:35 - Setting Featured Image. URL:https://alat.printeraduo.hr/wp-content/uploads/baterijska-udarna-builica-te-30-22.jpg
02-26-2026 @ 18:16:35 - Attachment ID:10780
02-26-2026 @ 18:16:35 - Row :7 - Product imported successfully.
02-26-2026 @ 18:16:35 - Row :8 - Parsing item.
02-26-2026 @ 18:16:35 - Importing as new product ID:10802
02-26-2026 @ 18:16:35 - Row :8 - Processing item.
02-26-2026 @ 18:16:35 - Found simple product object. ID:10802
02-26-2026 @ 18:16:35 - Setting Featured Image. URL:https://alat.printeraduo.hr/wp-content/uploads/udarna-builica-te-30-atcavr.jpg
02-26-2026 @ 18:16:35 - Attachment ID:10788
02-26-2026 @ 18:16:36 - Row :8 - Product imported successfully.
02-26-2026 @ 18:16:36 - Row :9 - Parsing item.
02-26-2026 @ 18:16:36 - Importing as new product ID:10803
02-26-2026 @ 18:16:36 - Row :9 - Processing item.
02-26-2026 @ 18:16:36 - Found simple product object. ID:10803
02-26-2026 @ 18:16:36 - Setting Featured Image. URL:https://alat.printeraduo.hr/wp-content/uploads/udarna-builica-te-30-avr.jpg
02-26-2026 @ 18:16:36 - Attachment ID:10789
02-26-2026 @ 18:16:36 - Row :9 - Product imported successfully.
02-26-2026 @ 18:16:36 - Row :10 - Parsing item.
02-26-2026 @ 18:16:36 - Importing as new product ID:10804
02-26-2026 @ 18:16:36 - Row :10 - Processing item.
02-26-2026 @ 18:16:36 - Found simple product object. ID:10804
02-26-2026 @ 18:16:36 - Setting Featured Image. URL:https://alat.printeraduo.hr/wp-content/uploads/udarna-builica-te-30.jpg
02-26-2026 @ 18:16:36 - Attachment ID:10787
02-26-2026 @ 18:16:36 - Row :10 - Product imported successfully.
02-26-2026 @ 18:16:37 - Preparing for import.
02-26-2026 @ 18:16:37 - Row :11 - Parsing item.
02-26-2026 @ 18:16:37 - Importing as new product ID:10805
02-26-2026 @ 18:16:37 - Row :11 - Processing item.
02-26-2026 @ 18:16:37 - Found simple product object. ID:10805
02-26-2026 @ 18:16:37 - Setting Featured Image. URL:https://alat.printeraduo.hr/wp-content/uploads/baterijska-udarna-builica-te-50-22.jpg
02-26-2026 @ 18:16:37 - Attachment ID:10781
02-26-2026 @ 18:16:37 - Row :11 - Product imported successfully.
02-26-2026 @ 18:16:37 - Row :12 - Parsing item.
02-26-2026 @ 18:16:37 - Importing as new product ID:10806
02-26-2026 @ 18:16:37 - Row :12 - Processing item.
02-26-2026 @ 18:16:37 - Found simple product object. ID:10806
02-26-2026 @ 18:16:37 - Setting Featured Image. URL:https://alat.printeraduo.hr/wp-content/uploads/baterijska-udarna-builica-te-60-22.jpg
02-26-2026 @ 18:16:37 - Attachment ID:10782
02-26-2026 @ 18:16:38 - Row :12 - Product imported successfully.
02-26-2026 @ 18:16:38 - Row :13 - Parsing item.
02-26-2026 @ 18:16:38 - Importing as new product ID:10807
02-26-2026 @ 18:16:38 - Row :13 - Processing item.
02-26-2026 @ 18:16:38 - Found simple product object. ID:10807
02-26-2026 @ 18:16:38 - Setting Featured Image. URL:https://alat.printeraduo.hr/wp-content/uploads/baterijska-udarna-builica-te-70-22.jpg
02-26-2026 @ 18:16:38 - Attachment ID:10783
02-26-2026 @ 18:16:38 - Row :13 - Product imported successfully.
02-26-2026 @ 18:16:38 - Row :14 - Parsing item.
02-26-2026 @ 18:16:38 - Importing as new product ID:10808
02-26-2026 @ 18:16:38 - Row :14 - Processing item.
02-26-2026 @ 18:16:38 - Found simple product object. ID:10808
02-26-2026 @ 18:16:38 - Setting Featured Image. URL:https://alat.printeraduo.hr/wp-content/uploads/udarna-builica-te-50-avr.jpg
02-26-2026 @ 18:16:38 - Attachment ID:10790
02-26-2026 @ 18:16:39 - Row :14 - Product imported successfully.
02-26-2026 @ 18:16:39 - Row :15 - Parsing item.
02-26-2026 @ 18:16:39 - Importing as new product ID:10809
02-26-2026 @ 18:16:39 - Row :15 - Processing item.
02-26-2026 @ 18:16:39 - Found simple product object. ID:10809
02-26-2026 @ 18:16:39 - Setting Featured Image. URL:https://alat.printeraduo.hr/wp-content/uploads/udarna-builica-te-60-avr.jpg
02-26-2026 @ 18:16:39 - Attachment ID:10792
02-26-2026 @ 18:16:39 - Row :15 - Product imported successfully.
02-26-2026 @ 18:16:39 - Row :16 - Parsing item.
02-26-2026 @ 18:16:39 - Importing as new product ID:10810
02-26-2026 @ 18:16:39 - Row :16 - Processing item.
02-26-2026 @ 18:16:39 - Found simple product object. ID:10810
02-26-2026 @ 18:16:39 - Setting Featured Image. URL:https://alat.printeraduo.hr/wp-content/uploads/udarna-builica-te-60-atc-avr.jpg
02-26-2026 @ 18:16:39 - Attachment ID:10791
02-26-2026 @ 18:16:40 - Row :16 - Product imported successfully.
02-26-2026 @ 18:16:40 - Row :17 - Parsing item.
02-26-2026 @ 18:16:40 - Importing as new product ID:10811
02-26-2026 @ 18:16:40 - Row :17 - Processing item.
02-26-2026 @ 18:16:40 - Found simple product object. ID:10811
02-26-2026 @ 18:16:40 - Setting Featured Image. URL:https://alat.printeraduo.hr/wp-content/uploads/udarna-builica-te-70-avr.jpg
02-26-2026 @ 18:16:40 - Attachment ID:10794
02-26-2026 @ 18:16:40 - Row :17 - Product imported successfully.
02-26-2026 @ 18:16:40 - Row :18 - Parsing item.
02-26-2026 @ 18:16:40 - Importing as new product ID:10812
02-26-2026 @ 18:16:40 - Row :18 - Processing item.
02-26-2026 @ 18:16:40 - Found simple product object. ID:10812
02-26-2026 @ 18:16:40 - Setting Featured Image. URL:https://alat.printeraduo.hr/wp-content/uploads/udarna-builica-te-70-atcavr.jpg
02-26-2026 @ 18:16:40 - Attachment ID:10793
02-26-2026 @ 18:16:41 - Row :18 - Product imported successfully.
02-26-2026 @ 18:16:41 - ---[ Import ended at 2026-02-26 17:16:41]---
