02-26-2026 @ 18:26:08 - ---[ New import started at 2026-02-26 17:26:08 ] PHP Memory: 256 MB, WP Memory: 40 MB
02-26-2026 @ 18:26:08 - Preparing for import.
02-26-2026 @ 18:26:08 - Row :1 - Parsing item.
02-26-2026 @ 18:26:08 - Importing as new product ID:10831
02-26-2026 @ 18:26:08 - Row :1 - Processing item.
02-26-2026 @ 18:26:08 - Found simple product object. ID:10831
02-26-2026 @ 18:26:08 - Setting Featured Image. URL:https://alat.printeraduo.hr/wp-content/uploads/baterijska-udarna-builica-te-2-22.jpg
02-26-2026 @ 18:26:08 - Attachment ID:10813
02-26-2026 @ 18:26:08 - Row :1 - Product imported successfully.
02-26-2026 @ 18:26:08 - Row :2 - Parsing item.
02-26-2026 @ 18:26:08 - Importing as new product ID:10832
02-26-2026 @ 18:26:08 - Row :2 - Processing item.
02-26-2026 @ 18:26:08 - Found simple product object. ID:10832
02-26-2026 @ 18:26:08 - Setting Featured Image. URL:https://alat.printeraduo.hr/wp-content/uploads/udarna-builica-te-3-c.jpg
02-26-2026 @ 18:26:08 - Attachment ID:10820
02-26-2026 @ 18:26:09 - Row :2 - Product imported successfully.
02-26-2026 @ 18:26:09 - Row :3 - Parsing item.
02-26-2026 @ 18:26:09 - Importing as new product ID:10833
02-26-2026 @ 18:26:09 - Row :3 - Processing item.
02-26-2026 @ 18:26:09 - Found simple product object. ID:10833
02-26-2026 @ 18:26:09 - Setting Featured Image. URL:https://alat.printeraduo.hr/wp-content/uploads/udarna-builica-te-3-m.jpg
02-26-2026 @ 18:26:09 - Attachment ID:10821
02-26-2026 @ 18:26:09 - Row :3 - Product imported successfully.
02-26-2026 @ 18:26:09 - Row :4 - Parsing item.
02-26-2026 @ 18:26:09 - Importing as new product ID:10834
02-26-2026 @ 18:26:09 - Row :4 - Processing item.
02-26-2026 @ 18:26:09 - Found simple product object. ID:10834
02-26-2026 @ 18:26:09 - Setting Featured Image. URL:https://alat.printeraduo.hr/wp-content/uploads/baterijska-udarna-builica-te-4-22.jpg
02-26-2026 @ 18:26:09 - Attachment ID:10814
02-26-2026 @ 18:26:10 - Row :4 - Product imported successfully.
02-26-2026 @ 18:26:10 - Row :5 - Parsing item.
02-26-2026 @ 18:26:10 - Importing as new product ID:10835
02-26-2026 @ 18:26:10 - Row :5 - Processing item.
02-26-2026 @ 18:26:10 - Found simple product object. ID:10835
02-26-2026 @ 18:26:10 - Setting Featured Image. URL:https://alat.printeraduo.hr/wp-content/uploads/baterijska-udarna-builica-te-6-22.jpg
02-26-2026 @ 18:26:10 - Attachment ID:10815
02-26-2026 @ 18:26:10 - Row :5 - Product imported successfully.
02-26-2026 @ 18:26:10 - Row :6 - Parsing item.
02-26-2026 @ 18:26:10 - Importing as new product ID:10836
02-26-2026 @ 18:26:10 - Row :6 - Processing item.
02-26-2026 @ 18:26:10 - Found simple product object. ID:10836
02-26-2026 @ 18:26:10 - Setting Featured Image. URL:https://alat.printeraduo.hr/wp-content/uploads/udarna-builica-te-6-cl.jpg
02-26-2026 @ 18:26:10 - Attachment ID:10822
02-26-2026 @ 18:26:11 - Row :6 - Product imported successfully.
02-26-2026 @ 18:26:11 - Row :7 - Parsing item.
02-26-2026 @ 18:26:11 - Importing as new product ID:10837
02-26-2026 @ 18:26:11 - Row :7 - Processing item.
02-26-2026 @ 18:26:11 - Found simple product object. ID:10837
02-26-2026 @ 18:26:11 - Setting Featured Image. URL:https://alat.printeraduo.hr/wp-content/uploads/baterijska-udarna-builica-te-30-22.jpg
02-26-2026 @ 18:26:11 - Attachment ID:10816
02-26-2026 @ 18:26:11 - Row :7 - Product imported successfully.
02-26-2026 @ 18:26:11 - Row :8 - Parsing item.
02-26-2026 @ 18:26:11 - Importing as new product ID:10838
02-26-2026 @ 18:26:11 - Row :8 - Processing item.
02-26-2026 @ 18:26:11 - Found simple product object. ID:10838
02-26-2026 @ 18:26:11 - Setting Featured Image. URL:https://alat.printeraduo.hr/wp-content/uploads/udarna-builica-te-30-atcavr.jpg
02-26-2026 @ 18:26:11 - Attachment ID:10824
02-26-2026 @ 18:26:12 - Row :8 - Product imported successfully.
02-26-2026 @ 18:26:12 - Row :9 - Parsing item.
02-26-2026 @ 18:26:12 - Importing as new product ID:10839
02-26-2026 @ 18:26:12 - Row :9 - Processing item.
02-26-2026 @ 18:26:12 - Found simple product object. ID:10839
02-26-2026 @ 18:26:12 - Setting Featured Image. URL:https://alat.printeraduo.hr/wp-content/uploads/udarna-builica-te-30-avr.jpg
02-26-2026 @ 18:26:12 - Attachment ID:10825
02-26-2026 @ 18:26:12 - Row :9 - Product imported successfully.
02-26-2026 @ 18:26:12 - Row :10 - Parsing item.
02-26-2026 @ 18:26:12 - Importing as new product ID:10840
02-26-2026 @ 18:26:12 - Row :10 - Processing item.
02-26-2026 @ 18:26:12 - Found simple product object. ID:10840
02-26-2026 @ 18:26:12 - Setting Featured Image. URL:https://alat.printeraduo.hr/wp-content/uploads/udarna-builica-te-30.jpg
02-26-2026 @ 18:26:12 - Attachment ID:10823
02-26-2026 @ 18:26:13 - Row :10 - Product imported successfully.
02-26-2026 @ 18:26:13 - Preparing for import.
02-26-2026 @ 18:26:13 - Row :11 - Parsing item.
02-26-2026 @ 18:26:13 - Importing as new product ID:10841
02-26-2026 @ 18:26:13 - Row :11 - Processing item.
02-26-2026 @ 18:26:13 - Found simple product object. ID:10841
02-26-2026 @ 18:26:13 - Setting Featured Image. URL:https://alat.printeraduo.hr/wp-content/uploads/baterijska-udarna-builica-te-50-22.jpg
02-26-2026 @ 18:26:13 - Attachment ID:10817
02-26-2026 @ 18:26:14 - Row :11 - Product imported successfully.
02-26-2026 @ 18:26:14 - Row :12 - Parsing item.
02-26-2026 @ 18:26:14 - Importing as new product ID:10842
02-26-2026 @ 18:26:14 - Row :12 - Processing item.
02-26-2026 @ 18:26:14 - Found simple product object. ID:10842
02-26-2026 @ 18:26:14 - Setting Featured Image. URL:https://alat.printeraduo.hr/wp-content/uploads/baterijska-udarna-builica-te-60-22.jpg
02-26-2026 @ 18:26:14 - Attachment ID:10818
02-26-2026 @ 18:26:14 - Row :12 - Product imported successfully.
02-26-2026 @ 18:26:14 - Row :13 - Parsing item.
02-26-2026 @ 18:26:14 - Importing as new product ID:10843
02-26-2026 @ 18:26:14 - Row :13 - Processing item.
02-26-2026 @ 18:26:14 - Found simple product object. ID:10843
02-26-2026 @ 18:26:14 - Setting Featured Image. URL:https://alat.printeraduo.hr/wp-content/uploads/baterijska-udarna-builica-te-70-22.jpg
02-26-2026 @ 18:26:14 - Attachment ID:10819
02-26-2026 @ 18:26:15 - Row :13 - Product imported successfully.
02-26-2026 @ 18:26:15 - Row :14 - Parsing item.
02-26-2026 @ 18:26:15 - Importing as new product ID:10844
02-26-2026 @ 18:26:15 - Row :14 - Processing item.
02-26-2026 @ 18:26:15 - Found simple product object. ID:10844
02-26-2026 @ 18:26:15 - Setting Featured Image. URL:https://alat.printeraduo.hr/wp-content/uploads/udarna-builica-te-50-avr.jpg
02-26-2026 @ 18:26:15 - Attachment ID:10826
02-26-2026 @ 18:26:15 - Row :14 - Product imported successfully.
02-26-2026 @ 18:26:15 - Row :15 - Parsing item.
02-26-2026 @ 18:26:15 - Importing as new product ID:10845
02-26-2026 @ 18:26:15 - Row :15 - Processing item.
02-26-2026 @ 18:26:15 - Found simple product object. ID:10845
02-26-2026 @ 18:26:15 - Setting Featured Image. URL:https://alat.printeraduo.hr/wp-content/uploads/udarna-builica-te-60-avr.jpg
02-26-2026 @ 18:26:15 - Attachment ID:10828
02-26-2026 @ 18:26:15 - Row :15 - Product imported successfully.
02-26-2026 @ 18:26:15 - Row :16 - Parsing item.
02-26-2026 @ 18:26:16 - Importing as new product ID:10846
02-26-2026 @ 18:26:16 - Row :16 - Processing item.
02-26-2026 @ 18:26:16 - Found simple product object. ID:10846
02-26-2026 @ 18:26:16 - Setting Featured Image. URL:https://alat.printeraduo.hr/wp-content/uploads/udarna-builica-te-60-atc-avr.jpg
02-26-2026 @ 18:26:16 - Attachment ID:10827
02-26-2026 @ 18:26:16 - Row :16 - Product imported successfully.
02-26-2026 @ 18:26:16 - Row :17 - Parsing item.
02-26-2026 @ 18:26:16 - Importing as new product ID:10847
02-26-2026 @ 18:26:16 - Row :17 - Processing item.
02-26-2026 @ 18:26:16 - Found simple product object. ID:10847
02-26-2026 @ 18:26:16 - Setting Featured Image. URL:https://alat.printeraduo.hr/wp-content/uploads/udarna-builica-te-70-avr.jpg
02-26-2026 @ 18:26:16 - Attachment ID:10830
02-26-2026 @ 18:26:16 - Row :17 - Product imported successfully.
02-26-2026 @ 18:26:16 - Row :18 - Parsing item.
02-26-2026 @ 18:26:16 - Importing as new product ID:10848
02-26-2026 @ 18:26:16 - Row :18 - Processing item.
02-26-2026 @ 18:26:16 - Found simple product object. ID:10848
02-26-2026 @ 18:26:16 - Setting Featured Image. URL:https://alat.printeraduo.hr/wp-content/uploads/udarna-builica-te-70-atcavr.jpg
02-26-2026 @ 18:26:16 - Attachment ID:10829
02-26-2026 @ 18:26:17 - Row :18 - Product imported successfully.
02-26-2026 @ 18:26:17 - ---[ Import ended at 2026-02-26 17:26:17]---
