02-25-2026 @ 21:36:44 - ---[ New import started at 2026-02-25 20:36:44 ] PHP Memory: 256 MB, WP Memory: 40 MB
02-25-2026 @ 21:36:44 - Preparing for import.
02-25-2026 @ 21:36:44 - Row :1 - Parsing item.
02-25-2026 @ 21:36:44 - Importing as new product ID:10655
02-25-2026 @ 21:36:44 - Row :1 - Processing item.
02-25-2026 @ 21:36:44 - Found simple product object. ID:10655
02-25-2026 @ 21:36:44 - Setting Featured Image. URL:https://alat.printeraduo.hr/wp-content/uploads/baterijska-udarna-builica-te-2-22.jpg
02-25-2026 @ 21:36:44 - URL:https://alat.printeraduo.hr/wp-content/uploads/baterijska-udarna-builica-te-2-22.jpg Reason:Error getting remote image
02-25-2026 @ 21:36:44 - Row :1 - Product imported successfully.
02-25-2026 @ 21:36:44 - Row :2 - Parsing item.
02-25-2026 @ 21:36:44 - Importing as new product ID:10656
02-25-2026 @ 21:36:44 - Row :2 - Processing item.
02-25-2026 @ 21:36:44 - Found simple product object. ID:10656
02-25-2026 @ 21:36:44 - Setting Featured Image. URL:https://alat.printeraduo.hr/wp-content/uploads/udarna-builica-te-3-c.jpg
02-25-2026 @ 21:36:44 - URL:https://alat.printeraduo.hr/wp-content/uploads/udarna-builica-te-3-c.jpg Reason:Error getting remote image
02-25-2026 @ 21:36:45 - Row :2 - Product imported successfully.
02-25-2026 @ 21:36:45 - Row :3 - Parsing item.
02-25-2026 @ 21:36:45 - Importing as new product ID:10657
02-25-2026 @ 21:36:45 - Row :3 - Processing item.
02-25-2026 @ 21:36:45 - Found simple product object. ID:10657
02-25-2026 @ 21:36:45 - Setting Featured Image. URL:https://alat.printeraduo.hr/wp-content/uploads/udarna-builica-te-3-m.jpg
02-25-2026 @ 21:36:45 - URL:https://alat.printeraduo.hr/wp-content/uploads/udarna-builica-te-3-m.jpg Reason:Error getting remote image
02-25-2026 @ 21:36:45 - Row :3 - Product imported successfully.
02-25-2026 @ 21:36:45 - Row :4 - Parsing item.
02-25-2026 @ 21:36:45 - Importing as new product ID:10658
02-25-2026 @ 21:36:45 - Row :4 - Processing item.
02-25-2026 @ 21:36:45 - Found simple product object. ID:10658
02-25-2026 @ 21:36:45 - Setting Featured Image. URL:https://alat.printeraduo.hr/wp-content/uploads/baterijska-udarna-builica-te-4-22.jpg
02-25-2026 @ 21:36:45 - URL:https://alat.printeraduo.hr/wp-content/uploads/baterijska-udarna-builica-te-4-22.jpg Reason:Error getting remote image
02-25-2026 @ 21:36:45 - Row :4 - Product imported successfully.
02-25-2026 @ 21:36:45 - Row :5 - Parsing item.
02-25-2026 @ 21:36:45 - Importing as new product ID:10659
02-25-2026 @ 21:36:45 - Row :5 - Processing item.
02-25-2026 @ 21:36:45 - Found simple product object. ID:10659
02-25-2026 @ 21:36:45 - Setting Featured Image. URL:https://alat.printeraduo.hr/wp-content/uploads/baterijska-udarna-builica-te-6-22.jpg
02-25-2026 @ 21:36:46 - URL:https://alat.printeraduo.hr/wp-content/uploads/baterijska-udarna-builica-te-6-22.jpg Reason:Error getting remote image
02-25-2026 @ 21:36:46 - Row :5 - Product imported successfully.
02-25-2026 @ 21:36:46 - Row :6 - Parsing item.
02-25-2026 @ 21:36:46 - Importing as new product ID:10660
02-25-2026 @ 21:36:46 - Row :6 - Processing item.
02-25-2026 @ 21:36:46 - Found simple product object. ID:10660
02-25-2026 @ 21:36:46 - Setting Featured Image. URL:https://alat.printeraduo.hr/wp-content/uploads/udarna-builica-te-6-cl.jpg
02-25-2026 @ 21:36:46 - URL:https://alat.printeraduo.hr/wp-content/uploads/udarna-builica-te-6-cl.jpg Reason:Error getting remote image
02-25-2026 @ 21:36:46 - Row :6 - Product imported successfully.
02-25-2026 @ 21:36:46 - Row :7 - Parsing item.
02-25-2026 @ 21:36:46 - Importing as new product ID:10661
02-25-2026 @ 21:36:46 - Row :7 - Processing item.
02-25-2026 @ 21:36:46 - Found simple product object. ID:10661
02-25-2026 @ 21:36:46 - Setting Featured Image. URL:https://alat.printeraduo.hr/wp-content/uploads/baterijska-udarna-builica-te-30-22.jpg
02-25-2026 @ 21:36:46 - URL:https://alat.printeraduo.hr/wp-content/uploads/baterijska-udarna-builica-te-30-22.jpg Reason:Error getting remote image
02-25-2026 @ 21:36:47 - Row :7 - Product imported successfully.
02-25-2026 @ 21:36:47 - Row :8 - Parsing item.
02-25-2026 @ 21:36:47 - Importing as new product ID:10662
02-25-2026 @ 21:36:47 - Row :8 - Processing item.
02-25-2026 @ 21:36:47 - Found simple product object. ID:10662
02-25-2026 @ 21:36:47 - Setting Featured Image. URL:https://alat.printeraduo.hr/wp-content/uploads/udarna-builica-te-30-atcavr.jpg
02-25-2026 @ 21:36:47 - URL:https://alat.printeraduo.hr/wp-content/uploads/udarna-builica-te-30-atcavr.jpg Reason:Error getting remote image
02-25-2026 @ 21:36:47 - Row :8 - Product imported successfully.
02-25-2026 @ 21:36:47 - Row :9 - Parsing item.
02-25-2026 @ 21:36:47 - Importing as new product ID:10663
02-25-2026 @ 21:36:47 - Row :9 - Processing item.
02-25-2026 @ 21:36:47 - Found simple product object. ID:10663
02-25-2026 @ 21:36:47 - Setting Featured Image. URL:https://alat.printeraduo.hr/wp-content/uploads/udarna-builica-te-30-avr.jpg
02-25-2026 @ 21:36:47 - URL:https://alat.printeraduo.hr/wp-content/uploads/udarna-builica-te-30-avr.jpg Reason:Error getting remote image
02-25-2026 @ 21:36:48 - Row :9 - Product imported successfully.
02-25-2026 @ 21:36:48 - Row :10 - Parsing item.
02-25-2026 @ 21:36:48 - Importing as new product ID:10664
02-25-2026 @ 21:36:48 - Row :10 - Processing item.
02-25-2026 @ 21:36:48 - Found simple product object. ID:10664
02-25-2026 @ 21:36:48 - Setting Featured Image. URL:https://alat.printeraduo.hr/wp-content/uploads/udarna-builica-te-30.jpg
02-25-2026 @ 21:36:48 - URL:https://alat.printeraduo.hr/wp-content/uploads/udarna-builica-te-30.jpg Reason:Error getting remote image
02-25-2026 @ 21:36:48 - Row :10 - Product imported successfully.
02-25-2026 @ 21:36:49 - Preparing for import.
02-25-2026 @ 21:36:49 - Row :11 - Parsing item.
02-25-2026 @ 21:36:49 - Importing as new product ID:10665
02-25-2026 @ 21:36:49 - Row :11 - Processing item.
02-25-2026 @ 21:36:49 - Found simple product object. ID:10665
02-25-2026 @ 21:36:49 - Setting Featured Image. URL:https://alat.printeraduo.hr/wp-content/uploads/baterijska-udarna-builica-te-50-22.jpg
02-25-2026 @ 21:36:50 - URL:https://alat.printeraduo.hr/wp-content/uploads/baterijska-udarna-builica-te-50-22.jpg Reason:Error getting remote image
02-25-2026 @ 21:36:50 - Row :11 - Product imported successfully.
02-25-2026 @ 21:36:50 - Row :12 - Parsing item.
02-25-2026 @ 21:36:50 - Importing as new product ID:10666
02-25-2026 @ 21:36:50 - Row :12 - Processing item.
02-25-2026 @ 21:36:50 - Found simple product object. ID:10666
02-25-2026 @ 21:36:50 - Setting Featured Image. URL:https://alat.printeraduo.hr/wp-content/uploads/baterijska-udarna-builica-te-60-22.jpg
02-25-2026 @ 21:36:50 - URL:https://alat.printeraduo.hr/wp-content/uploads/baterijska-udarna-builica-te-60-22.jpg Reason:Error getting remote image
02-25-2026 @ 21:36:50 - Row :12 - Product imported successfully.
02-25-2026 @ 21:36:50 - Row :13 - Parsing item.
02-25-2026 @ 21:36:50 - Importing as new product ID:10667
02-25-2026 @ 21:36:50 - Row :13 - Processing item.
02-25-2026 @ 21:36:50 - Found simple product object. ID:10667
02-25-2026 @ 21:36:50 - Setting Featured Image. URL:https://alat.printeraduo.hr/wp-content/uploads/baterijska-udarna-builica-te-70-22.jpg
02-25-2026 @ 21:36:50 - URL:https://alat.printeraduo.hr/wp-content/uploads/baterijska-udarna-builica-te-70-22.jpg Reason:Error getting remote image
02-25-2026 @ 21:36:51 - Row :13 - Product imported successfully.
02-25-2026 @ 21:36:51 - Row :14 - Parsing item.
02-25-2026 @ 21:36:51 - Importing as new product ID:10668
02-25-2026 @ 21:36:51 - Row :14 - Processing item.
02-25-2026 @ 21:36:51 - Found simple product object. ID:10668
02-25-2026 @ 21:36:51 - Setting Featured Image. URL:https://alat.printeraduo.hr/wp-content/uploads/udarna-builica-te-50-avr.jpg
02-25-2026 @ 21:36:51 - URL:https://alat.printeraduo.hr/wp-content/uploads/udarna-builica-te-50-avr.jpg Reason:Error getting remote image
02-25-2026 @ 21:36:51 - Row :14 - Product imported successfully.
02-25-2026 @ 21:36:51 - Row :15 - Parsing item.
02-25-2026 @ 21:36:51 - Importing as new product ID:10669
02-25-2026 @ 21:36:51 - Row :15 - Processing item.
02-25-2026 @ 21:36:51 - Found simple product object. ID:10669
02-25-2026 @ 21:36:51 - Setting Featured Image. URL:https://alat.printeraduo.hr/wp-content/uploads/udarna-builica-te-60-avr.jpg
02-25-2026 @ 21:36:51 - URL:https://alat.printeraduo.hr/wp-content/uploads/udarna-builica-te-60-avr.jpg Reason:Error getting remote image
02-25-2026 @ 21:36:52 - Row :15 - Product imported successfully.
02-25-2026 @ 21:36:52 - Row :16 - Parsing item.
02-25-2026 @ 21:36:52 - Importing as new product ID:10670
02-25-2026 @ 21:36:52 - Row :16 - Processing item.
02-25-2026 @ 21:36:52 - Found simple product object. ID:10670
02-25-2026 @ 21:36:52 - Setting Featured Image. URL:https://alat.printeraduo.hr/wp-content/uploads/udarna-builica-te-60-atc-avr.jpg
02-25-2026 @ 21:36:52 - URL:https://alat.printeraduo.hr/wp-content/uploads/udarna-builica-te-60-atc-avr.jpg Reason:Error getting remote image
02-25-2026 @ 21:36:52 - Row :16 - Product imported successfully.
02-25-2026 @ 21:36:52 - Row :17 - Parsing item.
02-25-2026 @ 21:36:52 - Importing as new product ID:10671
02-25-2026 @ 21:36:52 - Row :17 - Processing item.
02-25-2026 @ 21:36:52 - Found simple product object. ID:10671
02-25-2026 @ 21:36:52 - Setting Featured Image. URL:https://alat.printeraduo.hr/wp-content/uploads/udarna-builica-te-70-avr.jpg
02-25-2026 @ 21:36:52 - URL:https://alat.printeraduo.hr/wp-content/uploads/udarna-builica-te-70-avr.jpg Reason:Error getting remote image
02-25-2026 @ 21:36:52 - Row :17 - Product imported successfully.
02-25-2026 @ 21:36:52 - Row :18 - Parsing item.
02-25-2026 @ 21:36:53 - Importing as new product ID:10672
02-25-2026 @ 21:36:53 - Row :18 - Processing item.
02-25-2026 @ 21:36:53 - Found simple product object. ID:10672
02-25-2026 @ 21:36:53 - Setting Featured Image. URL:https://alat.printeraduo.hr/wp-content/uploads/udarna-builica-te-70-atcavr.jpg
02-25-2026 @ 21:36:53 - URL:https://alat.printeraduo.hr/wp-content/uploads/udarna-builica-te-70-atcavr.jpg Reason:Error getting remote image
02-25-2026 @ 21:36:53 - Row :18 - Product imported successfully.
02-25-2026 @ 21:36:53 - ---[ Import ended at 2026-02-25 20:36:53]---
