02-25-2026 @ 21:39:18 - ---[ New import started at 2026-02-25 20:39:18 ] PHP Memory: 256 MB, WP Memory: 40 MB
02-25-2026 @ 21:39:18 - Preparing for import.
02-25-2026 @ 21:39:18 - Row :1 - Parsing item.
02-25-2026 @ 21:39:18 - Importing as new product ID:10673
02-25-2026 @ 21:39:18 - Row :1 - Processing item.
02-25-2026 @ 21:39:18 - Found simple product object. ID:10673
02-25-2026 @ 21:39:18 - Setting Featured Image. URL:https://alat.printeraduo.hr/wp-content/uploads/baterijska-udarna-builica-te-2-22.jpg
02-25-2026 @ 21:39:18 - URL:https://alat.printeraduo.hr/wp-content/uploads/baterijska-udarna-builica-te-2-22.jpg Reason:Error getting remote image
02-25-2026 @ 21:39:19 - Row :1 - Product imported successfully.
02-25-2026 @ 21:39:19 - Row :2 - Parsing item.
02-25-2026 @ 21:39:19 - Importing as new product ID:10674
02-25-2026 @ 21:39:19 - Row :2 - Processing item.
02-25-2026 @ 21:39:19 - Found simple product object. ID:10674
02-25-2026 @ 21:39:19 - Setting Featured Image. URL:https://alat.printeraduo.hr/wp-content/uploads/udarna-builica-te-3-c.jpg
02-25-2026 @ 21:39:19 - URL:https://alat.printeraduo.hr/wp-content/uploads/udarna-builica-te-3-c.jpg Reason:Error getting remote image
02-25-2026 @ 21:39:19 - Row :2 - Product imported successfully.
02-25-2026 @ 21:39:19 - Row :3 - Parsing item.
02-25-2026 @ 21:39:19 - Importing as new product ID:10675
02-25-2026 @ 21:39:19 - Row :3 - Processing item.
02-25-2026 @ 21:39:19 - Found simple product object. ID:10675
02-25-2026 @ 21:39:19 - Setting Featured Image. URL:https://alat.printeraduo.hr/wp-content/uploads/udarna-builica-te-3-m.jpg
02-25-2026 @ 21:39:19 - URL:https://alat.printeraduo.hr/wp-content/uploads/udarna-builica-te-3-m.jpg Reason:Error getting remote image
02-25-2026 @ 21:39:20 - Row :3 - Product imported successfully.
02-25-2026 @ 21:39:20 - Row :4 - Parsing item.
02-25-2026 @ 21:39:20 - Importing as new product ID:10676
02-25-2026 @ 21:39:20 - Row :4 - Processing item.
02-25-2026 @ 21:39:20 - Found simple product object. ID:10676
02-25-2026 @ 21:39:20 - Setting Featured Image. URL:https://alat.printeraduo.hr/wp-content/uploads/baterijska-udarna-builica-te-4-22.jpg
02-25-2026 @ 21:39:20 - URL:https://alat.printeraduo.hr/wp-content/uploads/baterijska-udarna-builica-te-4-22.jpg Reason:Error getting remote image
02-25-2026 @ 21:39:20 - Row :4 - Product imported successfully.
02-25-2026 @ 21:39:20 - Row :5 - Parsing item.
02-25-2026 @ 21:39:20 - Importing as new product ID:10677
02-25-2026 @ 21:39:20 - Row :5 - Processing item.
02-25-2026 @ 21:39:20 - Found simple product object. ID:10677
02-25-2026 @ 21:39:20 - Setting Featured Image. URL:https://alat.printeraduo.hr/wp-content/uploads/baterijska-udarna-builica-te-6-22.jpg
02-25-2026 @ 21:39:20 - URL:https://alat.printeraduo.hr/wp-content/uploads/baterijska-udarna-builica-te-6-22.jpg Reason:Error getting remote image
02-25-2026 @ 21:39:21 - Row :5 - Product imported successfully.
02-25-2026 @ 21:39:21 - Row :6 - Parsing item.
02-25-2026 @ 21:39:21 - Importing as new product ID:10678
02-25-2026 @ 21:39:21 - Row :6 - Processing item.
02-25-2026 @ 21:39:21 - Found simple product object. ID:10678
02-25-2026 @ 21:39:21 - Setting Featured Image. URL:https://alat.printeraduo.hr/wp-content/uploads/udarna-builica-te-6-cl.jpg
02-25-2026 @ 21:39:21 - URL:https://alat.printeraduo.hr/wp-content/uploads/udarna-builica-te-6-cl.jpg Reason:Error getting remote image
02-25-2026 @ 21:39:21 - Row :6 - Product imported successfully.
02-25-2026 @ 21:39:21 - Row :7 - Parsing item.
02-25-2026 @ 21:39:21 - Importing as new product ID:10679
02-25-2026 @ 21:39:21 - Row :7 - Processing item.
02-25-2026 @ 21:39:21 - Found simple product object. ID:10679
02-25-2026 @ 21:39:21 - Setting Featured Image. URL:https://alat.printeraduo.hr/wp-content/uploads/baterijska-udarna-builica-te-30-22.jpg
02-25-2026 @ 21:39:21 - URL:https://alat.printeraduo.hr/wp-content/uploads/baterijska-udarna-builica-te-30-22.jpg Reason:Error getting remote image
02-25-2026 @ 21:39:22 - Row :7 - Product imported successfully.
02-25-2026 @ 21:39:22 - Row :8 - Parsing item.
02-25-2026 @ 21:39:22 - Importing as new product ID:10680
02-25-2026 @ 21:39:22 - Row :8 - Processing item.
02-25-2026 @ 21:39:22 - Found simple product object. ID:10680
02-25-2026 @ 21:39:22 - Setting Featured Image. URL:https://alat.printeraduo.hr/wp-content/uploads/udarna-builica-te-30-atcavr.jpg
02-25-2026 @ 21:39:22 - URL:https://alat.printeraduo.hr/wp-content/uploads/udarna-builica-te-30-atcavr.jpg Reason:Error getting remote image
02-25-2026 @ 21:39:22 - Row :8 - Product imported successfully.
02-25-2026 @ 21:39:22 - Row :9 - Parsing item.
02-25-2026 @ 21:39:22 - Importing as new product ID:10681
02-25-2026 @ 21:39:22 - Row :9 - Processing item.
02-25-2026 @ 21:39:22 - Found simple product object. ID:10681
02-25-2026 @ 21:39:22 - Setting Featured Image. URL:https://alat.printeraduo.hr/wp-content/uploads/udarna-builica-te-30-avr.jpg
02-25-2026 @ 21:39:22 - URL:https://alat.printeraduo.hr/wp-content/uploads/udarna-builica-te-30-avr.jpg Reason:Error getting remote image
02-25-2026 @ 21:39:22 - Row :9 - Product imported successfully.
02-25-2026 @ 21:39:22 - Row :10 - Parsing item.
02-25-2026 @ 21:39:23 - Importing as new product ID:10682
02-25-2026 @ 21:39:23 - Row :10 - Processing item.
02-25-2026 @ 21:39:23 - Found simple product object. ID:10682
02-25-2026 @ 21:39:23 - Setting Featured Image. URL:https://alat.printeraduo.hr/wp-content/uploads/udarna-builica-te-30.jpg
02-25-2026 @ 21:39:23 - URL:https://alat.printeraduo.hr/wp-content/uploads/udarna-builica-te-30.jpg Reason:Error getting remote image
02-25-2026 @ 21:39:23 - Row :10 - Product imported successfully.
02-25-2026 @ 21:39:23 - Preparing for import.
02-25-2026 @ 21:39:23 - Row :11 - Parsing item.
02-25-2026 @ 21:39:23 - Importing as new product ID:10683
02-25-2026 @ 21:39:23 - Row :11 - Processing item.
02-25-2026 @ 21:39:23 - Found simple product object. ID:10683
02-25-2026 @ 21:39:23 - Setting Featured Image. URL:https://alat.printeraduo.hr/wp-content/uploads/baterijska-udarna-builica-te-50-22.jpg
02-25-2026 @ 21:39:23 - URL:https://alat.printeraduo.hr/wp-content/uploads/baterijska-udarna-builica-te-50-22.jpg Reason:Error getting remote image
02-25-2026 @ 21:39:24 - Row :11 - Product imported successfully.
02-25-2026 @ 21:39:24 - Row :12 - Parsing item.
02-25-2026 @ 21:39:24 - Importing as new product ID:10684
02-25-2026 @ 21:39:24 - Row :12 - Processing item.
02-25-2026 @ 21:39:24 - Found simple product object. ID:10684
02-25-2026 @ 21:39:24 - Setting Featured Image. URL:https://alat.printeraduo.hr/wp-content/uploads/baterijska-udarna-builica-te-60-22.jpg
02-25-2026 @ 21:39:24 - URL:https://alat.printeraduo.hr/wp-content/uploads/baterijska-udarna-builica-te-60-22.jpg Reason:Error getting remote image
02-25-2026 @ 21:39:24 - Row :12 - Product imported successfully.
02-25-2026 @ 21:39:24 - Row :13 - Parsing item.
02-25-2026 @ 21:39:24 - Importing as new product ID:10685
02-25-2026 @ 21:39:24 - Row :13 - Processing item.
02-25-2026 @ 21:39:24 - Found simple product object. ID:10685
02-25-2026 @ 21:39:24 - Setting Featured Image. URL:https://alat.printeraduo.hr/wp-content/uploads/baterijska-udarna-builica-te-70-22.jpg
02-25-2026 @ 21:39:24 - URL:https://alat.printeraduo.hr/wp-content/uploads/baterijska-udarna-builica-te-70-22.jpg Reason:Error getting remote image
02-25-2026 @ 21:39:25 - Row :13 - Product imported successfully.
02-25-2026 @ 21:39:25 - Row :14 - Parsing item.
02-25-2026 @ 21:39:25 - Importing as new product ID:10686
02-25-2026 @ 21:39:25 - Row :14 - Processing item.
02-25-2026 @ 21:39:25 - Found simple product object. ID:10686
02-25-2026 @ 21:39:25 - Setting Featured Image. URL:https://alat.printeraduo.hr/wp-content/uploads/udarna-builica-te-50-avr.jpg
02-25-2026 @ 21:39:25 - URL:https://alat.printeraduo.hr/wp-content/uploads/udarna-builica-te-50-avr.jpg Reason:Error getting remote image
02-25-2026 @ 21:39:25 - Row :14 - Product imported successfully.
02-25-2026 @ 21:39:25 - Row :15 - Parsing item.
02-25-2026 @ 21:39:25 - Importing as new product ID:10687
02-25-2026 @ 21:39:25 - Row :15 - Processing item.
02-25-2026 @ 21:39:25 - Found simple product object. ID:10687
02-25-2026 @ 21:39:25 - Setting Featured Image. URL:https://alat.printeraduo.hr/wp-content/uploads/udarna-builica-te-60-avr.jpg
02-25-2026 @ 21:39:25 - URL:https://alat.printeraduo.hr/wp-content/uploads/udarna-builica-te-60-avr.jpg Reason:Error getting remote image
02-25-2026 @ 21:39:26 - Row :15 - Product imported successfully.
02-25-2026 @ 21:39:26 - Row :16 - Parsing item.
02-25-2026 @ 21:39:26 - Importing as new product ID:10688
02-25-2026 @ 21:39:26 - Row :16 - Processing item.
02-25-2026 @ 21:39:26 - Found simple product object. ID:10688
02-25-2026 @ 21:39:26 - Setting Featured Image. URL:https://alat.printeraduo.hr/wp-content/uploads/udarna-builica-te-60-atc-avr.jpg
02-25-2026 @ 21:39:26 - URL:https://alat.printeraduo.hr/wp-content/uploads/udarna-builica-te-60-atc-avr.jpg Reason:Error getting remote image
02-25-2026 @ 21:39:26 - Row :16 - Product imported successfully.
02-25-2026 @ 21:39:26 - Row :17 - Parsing item.
02-25-2026 @ 21:39:26 - Importing as new product ID:10689
02-25-2026 @ 21:39:26 - Row :17 - Processing item.
02-25-2026 @ 21:39:26 - Found simple product object. ID:10689
02-25-2026 @ 21:39:26 - Setting Featured Image. URL:https://alat.printeraduo.hr/wp-content/uploads/udarna-builica-te-70-avr.jpg
02-25-2026 @ 21:39:26 - URL:https://alat.printeraduo.hr/wp-content/uploads/udarna-builica-te-70-avr.jpg Reason:Error getting remote image
02-25-2026 @ 21:39:26 - Row :17 - Product imported successfully.
02-25-2026 @ 21:39:26 - Row :18 - Parsing item.
02-25-2026 @ 21:39:26 - Importing as new product ID:10690
02-25-2026 @ 21:39:26 - Row :18 - Processing item.
02-25-2026 @ 21:39:26 - Found simple product object. ID:10690
02-25-2026 @ 21:39:26 - Setting Featured Image. URL:https://alat.printeraduo.hr/wp-content/uploads/udarna-builica-te-70-atcavr.jpg
02-25-2026 @ 21:39:26 - URL:https://alat.printeraduo.hr/wp-content/uploads/udarna-builica-te-70-atcavr.jpg Reason:Error getting remote image
02-25-2026 @ 21:39:27 - Row :18 - Product imported successfully.
02-25-2026 @ 21:39:27 - ---[ Import ended at 2026-02-25 20:39:27]---
