02-25-2026 @ 21:46:13 - ---[ New import started at 2026-02-25 20:46:13 ] PHP Memory: 256 MB, WP Memory: 40 MB
02-25-2026 @ 21:46:13 - Preparing for import.
02-25-2026 @ 21:46:13 - Row :1 - Parsing item.
02-25-2026 @ 21:46:13 - Row :1 - Parsing failed. Reason: Invalid product type outofstock
02-25-2026 @ 21:46:13 - Row :2 - Parsing item.
02-25-2026 @ 21:46:13 - Row :2 - Parsing failed. Reason: Invalid product type outofstock
02-25-2026 @ 21:46:13 - Row :3 - Parsing item.
02-25-2026 @ 21:46:13 - Row :3 - Parsing failed. Reason: Invalid product type outofstock
02-25-2026 @ 21:46:13 - Row :4 - Parsing item.
02-25-2026 @ 21:46:13 - Row :4 - Parsing failed. Reason: Invalid product type outofstock
02-25-2026 @ 21:46:13 - Row :5 - Parsing item.
02-25-2026 @ 21:46:13 - Row :5 - Parsing failed. Reason: Invalid product type outofstock
02-25-2026 @ 21:46:13 - Row :6 - Parsing item.
02-25-2026 @ 21:46:13 - Row :6 - Parsing failed. Reason: Invalid product type outofstock
02-25-2026 @ 21:46:13 - Row :7 - Parsing item.
02-25-2026 @ 21:46:13 - Row :7 - Parsing failed. Reason: Invalid product type outofstock
02-25-2026 @ 21:46:13 - Row :8 - Parsing item.
02-25-2026 @ 21:46:13 - Row :8 - Parsing failed. Reason: Invalid product type outofstock
02-25-2026 @ 21:46:13 - Row :9 - Parsing item.
02-25-2026 @ 21:46:13 - Row :9 - Parsing failed. Reason: Invalid product type outofstock
02-25-2026 @ 21:46:13 - Row :10 - Parsing item.
02-25-2026 @ 21:46:13 - Row :10 - Parsing failed. Reason: Invalid product type outofstock
02-25-2026 @ 21:46:14 - Preparing for import.
02-25-2026 @ 21:46:14 - Row :11 - Parsing item.
02-25-2026 @ 21:46:14 - Row :11 - Parsing failed. Reason: Invalid product type outofstock
02-25-2026 @ 21:46:14 - Row :12 - Parsing item.
02-25-2026 @ 21:46:14 - Row :12 - Parsing failed. Reason: Invalid product type outofstock
02-25-2026 @ 21:46:14 - Row :13 - Parsing item.
02-25-2026 @ 21:46:14 - Row :13 - Parsing failed. Reason: Invalid product type outofstock
02-25-2026 @ 21:46:14 - Row :14 - Parsing item.
02-25-2026 @ 21:46:14 - Row :14 - Parsing failed. Reason: Invalid product type outofstock
02-25-2026 @ 21:46:14 - Row :15 - Parsing item.
02-25-2026 @ 21:46:14 - Row :15 - Parsing failed. Reason: Invalid product type outofstock
02-25-2026 @ 21:46:14 - Row :16 - Parsing item.
02-25-2026 @ 21:46:14 - Row :16 - Parsing failed. Reason: Invalid product type outofstock
02-25-2026 @ 21:46:14 - Row :17 - Parsing item.
02-25-2026 @ 21:46:14 - Row :17 - Parsing failed. Reason: Invalid product type outofstock
02-25-2026 @ 21:46:14 - Row :18 - Parsing item.
02-25-2026 @ 21:46:14 - Row :18 - Parsing failed. Reason: Invalid product type outofstock
02-25-2026 @ 21:46:14 - ---[ Import ended at 2026-02-25 20:46:14]---
