02-25-2026 @ 21:48:56 - ---[ New import started at 2026-02-25 20:48:56 ] PHP Memory: 256 MB, WP Memory: 40 MB
02-25-2026 @ 21:48:56 - Preparing for import.
02-25-2026 @ 21:48:56 - Row :1 - Parsing item.
02-25-2026 @ 21:48:56 - Importing as new product ID:10691
02-25-2026 @ 21:48:56 - Row :1 - Processing item.
02-25-2026 @ 21:48:56 - Found simple product object. ID:10691
02-25-2026 @ 21:48:56 - Setting Featured Image. URL:https://alat.printeraduo.hr/wp-content/uploads/baterijska-udarna-builica-te-2-22.jpg
02-25-2026 @ 21:48:56 - URL:https://alat.printeraduo.hr/wp-content/uploads/baterijska-udarna-builica-te-2-22.jpg Reason:Error getting remote image
02-25-2026 @ 21:48:57 - Row :1 - Product imported successfully.
02-25-2026 @ 21:48:57 - Row :2 - Parsing item.
02-25-2026 @ 21:48:57 - Importing as new product ID:10692
02-25-2026 @ 21:48:57 - Row :2 - Processing item.
02-25-2026 @ 21:48:57 - Found simple product object. ID:10692
02-25-2026 @ 21:48:57 - Setting Featured Image. URL:https://alat.printeraduo.hr/wp-content/uploads/udarna-builica-te-3-c.jpg
02-25-2026 @ 21:48:57 - URL:https://alat.printeraduo.hr/wp-content/uploads/udarna-builica-te-3-c.jpg Reason:Error getting remote image
02-25-2026 @ 21:48:57 - Row :2 - Product imported successfully.
02-25-2026 @ 21:48:57 - Row :3 - Parsing item.
02-25-2026 @ 21:48:57 - Importing as new product ID:10693
02-25-2026 @ 21:48:57 - Row :3 - Processing item.
02-25-2026 @ 21:48:57 - Found simple product object. ID:10693
02-25-2026 @ 21:48:57 - Setting Featured Image. URL:https://alat.printeraduo.hr/wp-content/uploads/udarna-builica-te-3-m.jpg
02-25-2026 @ 21:48:57 - URL:https://alat.printeraduo.hr/wp-content/uploads/udarna-builica-te-3-m.jpg Reason:Error getting remote image
02-25-2026 @ 21:48:58 - Row :3 - Product imported successfully.
02-25-2026 @ 21:48:58 - Row :4 - Parsing item.
02-25-2026 @ 21:48:58 - Importing as new product ID:10694
02-25-2026 @ 21:48:58 - Row :4 - Processing item.
02-25-2026 @ 21:48:58 - Found simple product object. ID:10694
02-25-2026 @ 21:48:58 - Setting Featured Image. URL:https://alat.printeraduo.hr/wp-content/uploads/baterijska-udarna-builica-te-4-22.jpg
02-25-2026 @ 21:48:58 - URL:https://alat.printeraduo.hr/wp-content/uploads/baterijska-udarna-builica-te-4-22.jpg Reason:Error getting remote image
02-25-2026 @ 21:48:58 - Row :4 - Product imported successfully.
02-25-2026 @ 21:48:58 - Row :5 - Parsing item.
02-25-2026 @ 21:48:58 - Importing as new product ID:10695
02-25-2026 @ 21:48:58 - Row :5 - Processing item.
02-25-2026 @ 21:48:58 - Found simple product object. ID:10695
02-25-2026 @ 21:48:58 - Setting Featured Image. URL:https://alat.printeraduo.hr/wp-content/uploads/baterijska-udarna-builica-te-6-22.jpg
02-25-2026 @ 21:48:58 - URL:https://alat.printeraduo.hr/wp-content/uploads/baterijska-udarna-builica-te-6-22.jpg Reason:Error getting remote image
02-25-2026 @ 21:48:59 - Row :5 - Product imported successfully.
02-25-2026 @ 21:48:59 - Row :6 - Parsing item.
02-25-2026 @ 21:48:59 - Importing as new product ID:10696
02-25-2026 @ 21:48:59 - Row :6 - Processing item.
02-25-2026 @ 21:48:59 - Found simple product object. ID:10696
02-25-2026 @ 21:48:59 - Setting Featured Image. URL:https://alat.printeraduo.hr/wp-content/uploads/udarna-builica-te-6-cl.jpg
02-25-2026 @ 21:48:59 - URL:https://alat.printeraduo.hr/wp-content/uploads/udarna-builica-te-6-cl.jpg Reason:Error getting remote image
02-25-2026 @ 21:48:59 - Row :6 - Product imported successfully.
02-25-2026 @ 21:48:59 - Row :7 - Parsing item.
02-25-2026 @ 21:48:59 - Importing as new product ID:10697
02-25-2026 @ 21:48:59 - Row :7 - Processing item.
02-25-2026 @ 21:48:59 - Found simple product object. ID:10697
02-25-2026 @ 21:48:59 - Setting Featured Image. URL:https://alat.printeraduo.hr/wp-content/uploads/baterijska-udarna-builica-te-30-22.jpg
02-25-2026 @ 21:48:59 - URL:https://alat.printeraduo.hr/wp-content/uploads/baterijska-udarna-builica-te-30-22.jpg Reason:Error getting remote image
02-25-2026 @ 21:49:00 - Row :7 - Product imported successfully.
02-25-2026 @ 21:49:00 - Row :8 - Parsing item.
02-25-2026 @ 21:49:00 - Importing as new product ID:10698
02-25-2026 @ 21:49:00 - Row :8 - Processing item.
02-25-2026 @ 21:49:00 - Found simple product object. ID:10698
02-25-2026 @ 21:49:00 - Setting Featured Image. URL:https://alat.printeraduo.hr/wp-content/uploads/udarna-builica-te-30-atcavr.jpg
02-25-2026 @ 21:49:00 - URL:https://alat.printeraduo.hr/wp-content/uploads/udarna-builica-te-30-atcavr.jpg Reason:Error getting remote image
02-25-2026 @ 21:49:00 - Row :8 - Product imported successfully.
02-25-2026 @ 21:49:00 - Row :9 - Parsing item.
02-25-2026 @ 21:49:00 - Importing as new product ID:10699
02-25-2026 @ 21:49:00 - Row :9 - Processing item.
02-25-2026 @ 21:49:00 - Found simple product object. ID:10699
02-25-2026 @ 21:49:00 - Setting Featured Image. URL:https://alat.printeraduo.hr/wp-content/uploads/udarna-builica-te-30-avr.jpg
02-25-2026 @ 21:49:00 - URL:https://alat.printeraduo.hr/wp-content/uploads/udarna-builica-te-30-avr.jpg Reason:Error getting remote image
02-25-2026 @ 21:49:01 - Row :9 - Product imported successfully.
02-25-2026 @ 21:49:01 - Row :10 - Parsing item.
02-25-2026 @ 21:49:01 - Importing as new product ID:10700
02-25-2026 @ 21:49:01 - Row :10 - Processing item.
02-25-2026 @ 21:49:01 - Found simple product object. ID:10700
02-25-2026 @ 21:49:01 - Setting Featured Image. URL:https://alat.printeraduo.hr/wp-content/uploads/udarna-builica-te-30.jpg
02-25-2026 @ 21:49:01 - URL:https://alat.printeraduo.hr/wp-content/uploads/udarna-builica-te-30.jpg Reason:Error getting remote image
02-25-2026 @ 21:49:01 - Row :10 - Product imported successfully.
02-25-2026 @ 21:49:02 - Preparing for import.
02-25-2026 @ 21:49:02 - Row :11 - Parsing item.
02-25-2026 @ 21:49:02 - Importing as new product ID:10701
02-25-2026 @ 21:49:02 - Row :11 - Processing item.
02-25-2026 @ 21:49:02 - Found simple product object. ID:10701
02-25-2026 @ 21:49:02 - Setting Featured Image. URL:https://alat.printeraduo.hr/wp-content/uploads/baterijska-udarna-builica-te-50-22.jpg
02-25-2026 @ 21:49:02 - URL:https://alat.printeraduo.hr/wp-content/uploads/baterijska-udarna-builica-te-50-22.jpg Reason:Error getting remote image
02-25-2026 @ 21:49:02 - Row :11 - Product imported successfully.
02-25-2026 @ 21:49:02 - Row :12 - Parsing item.
02-25-2026 @ 21:49:02 - Importing as new product ID:10702
02-25-2026 @ 21:49:02 - Row :12 - Processing item.
02-25-2026 @ 21:49:02 - Found simple product object. ID:10702
02-25-2026 @ 21:49:02 - Setting Featured Image. URL:https://alat.printeraduo.hr/wp-content/uploads/baterijska-udarna-builica-te-60-22.jpg
02-25-2026 @ 21:49:02 - URL:https://alat.printeraduo.hr/wp-content/uploads/baterijska-udarna-builica-te-60-22.jpg Reason:Error getting remote image
02-25-2026 @ 21:49:02 - Row :12 - Product imported successfully.
02-25-2026 @ 21:49:02 - Row :13 - Parsing item.
02-25-2026 @ 21:49:02 - Importing as new product ID:10703
02-25-2026 @ 21:49:02 - Row :13 - Processing item.
02-25-2026 @ 21:49:03 - Found simple product object. ID:10703
02-25-2026 @ 21:49:03 - Setting Featured Image. URL:https://alat.printeraduo.hr/wp-content/uploads/baterijska-udarna-builica-te-70-22.jpg
02-25-2026 @ 21:49:03 - URL:https://alat.printeraduo.hr/wp-content/uploads/baterijska-udarna-builica-te-70-22.jpg Reason:Error getting remote image
02-25-2026 @ 21:49:03 - Row :13 - Product imported successfully.
02-25-2026 @ 21:49:03 - Row :14 - Parsing item.
02-25-2026 @ 21:49:03 - Importing as new product ID:10704
02-25-2026 @ 21:49:03 - Row :14 - Processing item.
02-25-2026 @ 21:49:03 - Found simple product object. ID:10704
02-25-2026 @ 21:49:03 - Setting Featured Image. URL:https://alat.printeraduo.hr/wp-content/uploads/udarna-builica-te-50-avr.jpg
02-25-2026 @ 21:49:03 - URL:https://alat.printeraduo.hr/wp-content/uploads/udarna-builica-te-50-avr.jpg Reason:Error getting remote image
02-25-2026 @ 21:49:03 - Row :14 - Product imported successfully.
02-25-2026 @ 21:49:03 - Row :15 - Parsing item.
02-25-2026 @ 21:49:03 - Importing as new product ID:10705
02-25-2026 @ 21:49:03 - Row :15 - Processing item.
02-25-2026 @ 21:49:03 - Found simple product object. ID:10705
02-25-2026 @ 21:49:03 - Setting Featured Image. URL:https://alat.printeraduo.hr/wp-content/uploads/udarna-builica-te-60-avr.jpg
02-25-2026 @ 21:49:03 - URL:https://alat.printeraduo.hr/wp-content/uploads/udarna-builica-te-60-avr.jpg Reason:Error getting remote image
02-25-2026 @ 21:49:04 - Row :15 - Product imported successfully.
02-25-2026 @ 21:49:04 - Row :16 - Parsing item.
02-25-2026 @ 21:49:04 - Importing as new product ID:10706
02-25-2026 @ 21:49:04 - Row :16 - Processing item.
02-25-2026 @ 21:49:04 - Found simple product object. ID:10706
02-25-2026 @ 21:49:04 - Setting Featured Image. URL:https://alat.printeraduo.hr/wp-content/uploads/udarna-builica-te-60-atc-avr.jpg
02-25-2026 @ 21:49:04 - URL:https://alat.printeraduo.hr/wp-content/uploads/udarna-builica-te-60-atc-avr.jpg Reason:Error getting remote image
02-25-2026 @ 21:49:04 - Row :16 - Product imported successfully.
02-25-2026 @ 21:49:04 - Row :17 - Parsing item.
02-25-2026 @ 21:49:04 - Importing as new product ID:10707
02-25-2026 @ 21:49:04 - Row :17 - Processing item.
02-25-2026 @ 21:49:04 - Found simple product object. ID:10707
02-25-2026 @ 21:49:04 - Setting Featured Image. URL:https://alat.printeraduo.hr/wp-content/uploads/udarna-builica-te-70-avr.jpg
02-25-2026 @ 21:49:04 - URL:https://alat.printeraduo.hr/wp-content/uploads/udarna-builica-te-70-avr.jpg Reason:Error getting remote image
02-25-2026 @ 21:49:05 - Row :17 - Product imported successfully.
02-25-2026 @ 21:49:05 - Row :18 - Parsing item.
02-25-2026 @ 21:49:05 - Importing as new product ID:10708
02-25-2026 @ 21:49:05 - Row :18 - Processing item.
02-25-2026 @ 21:49:05 - Found simple product object. ID:10708
02-25-2026 @ 21:49:05 - Setting Featured Image. URL:https://alat.printeraduo.hr/wp-content/uploads/udarna-builica-te-70-atcavr.jpg
02-25-2026 @ 21:49:05 - URL:https://alat.printeraduo.hr/wp-content/uploads/udarna-builica-te-70-atcavr.jpg Reason:Error getting remote image
02-25-2026 @ 21:49:05 - Row :18 - Product imported successfully.
02-25-2026 @ 21:49:05 - ---[ Import ended at 2026-02-25 20:49:05]---
