02-25-2026 @ 21:52:02 - ---[ New import started at 2026-02-25 20:52:02 ] PHP Memory: 256 MB, WP Memory: 40 MB
02-25-2026 @ 21:52:02 - Preparing for import.
02-25-2026 @ 21:52:02 - Row :1 - Parsing item.
02-25-2026 @ 21:52:02 - Importing as new product ID:10723
02-25-2026 @ 21:52:02 - Row :1 - Processing item.
02-25-2026 @ 21:52:02 - Found simple product object. ID:10723
02-25-2026 @ 21:52:02 - Setting Featured Image. URL:https://alat.printeraduo.hr/wp-content/uploads/baterijska-udarna-builica-te-2-22.jpg
02-25-2026 @ 21:52:02 - Attachment ID:10709
02-25-2026 @ 21:52:03 - Row :1 - Product imported successfully.
02-25-2026 @ 21:52:03 - Row :2 - Parsing item.
02-25-2026 @ 21:52:03 - Importing as new product ID:10724
02-25-2026 @ 21:52:03 - Row :2 - Processing item.
02-25-2026 @ 21:52:03 - Found simple product object. ID:10724
02-25-2026 @ 21:52:03 - Setting Featured Image. URL:https://alat.printeraduo.hr/wp-content/uploads/udarna-builica-te-3-c.jpg
02-25-2026 @ 21:52:03 - Attachment ID:10714
02-25-2026 @ 21:52:03 - Row :2 - Product imported successfully.
02-25-2026 @ 21:52:03 - Row :3 - Parsing item.
02-25-2026 @ 21:52:03 - Importing as new product ID:10725
02-25-2026 @ 21:52:03 - Row :3 - Processing item.
02-25-2026 @ 21:52:03 - Found simple product object. ID:10725
02-25-2026 @ 21:52:03 - Setting Featured Image. URL:https://alat.printeraduo.hr/wp-content/uploads/udarna-builica-te-3-m.jpg
02-25-2026 @ 21:52:03 - Attachment ID:10715
02-25-2026 @ 21:52:03 - Row :3 - Product imported successfully.
02-25-2026 @ 21:52:03 - Row :4 - Parsing item.
02-25-2026 @ 21:52:04 - Importing as new product ID:10726
02-25-2026 @ 21:52:04 - Row :4 - Processing item.
02-25-2026 @ 21:52:04 - Found simple product object. ID:10726
02-25-2026 @ 21:52:04 - Setting Featured Image. URL:https://alat.printeraduo.hr/wp-content/uploads/baterijska-udarna-builica-te-4-22.jpg
02-25-2026 @ 21:52:04 - Attachment ID:10710
02-25-2026 @ 21:52:04 - Row :4 - Product imported successfully.
02-25-2026 @ 21:52:04 - Row :5 - Parsing item.
02-25-2026 @ 21:52:04 - Importing as new product ID:10727
02-25-2026 @ 21:52:04 - Row :5 - Processing item.
02-25-2026 @ 21:52:04 - Found simple product object. ID:10727
02-25-2026 @ 21:52:04 - Setting Featured Image. URL:https://alat.printeraduo.hr/wp-content/uploads/baterijska-udarna-builica-te-6-22.jpg
02-25-2026 @ 21:52:04 - Attachment ID:10711
02-25-2026 @ 21:52:04 - Row :5 - Product imported successfully.
02-25-2026 @ 21:52:04 - Row :6 - Parsing item.
02-25-2026 @ 21:52:05 - Importing as new product ID:10728
02-25-2026 @ 21:52:05 - Row :6 - Processing item.
02-25-2026 @ 21:52:05 - Found simple product object. ID:10728
02-25-2026 @ 21:52:05 - Setting Featured Image. URL:https://alat.printeraduo.hr/wp-content/uploads/udarna-builica-te-6-cl.jpg
02-25-2026 @ 21:52:05 - Attachment ID:10716
02-25-2026 @ 21:52:05 - Row :6 - Product imported successfully.
02-25-2026 @ 21:52:05 - Row :7 - Parsing item.
02-25-2026 @ 21:52:05 - Importing as new product ID:10729
02-25-2026 @ 21:52:05 - Row :7 - Processing item.
02-25-2026 @ 21:52:05 - Found simple product object. ID:10729
02-25-2026 @ 21:52:05 - Setting Featured Image. URL:https://alat.printeraduo.hr/wp-content/uploads/baterijska-udarna-builica-te-30-22.jpg
02-25-2026 @ 21:52:05 - Attachment ID:10712
02-25-2026 @ 21:52:06 - Row :7 - Product imported successfully.
02-25-2026 @ 21:52:06 - Row :8 - Parsing item.
02-25-2026 @ 21:52:06 - Importing as new product ID:10730
02-25-2026 @ 21:52:06 - Row :8 - Processing item.
02-25-2026 @ 21:52:06 - Found simple product object. ID:10730
02-25-2026 @ 21:52:06 - Setting Featured Image. URL:https://alat.printeraduo.hr/wp-content/uploads/udarna-builica-te-30-atcavr.jpg
02-25-2026 @ 21:52:06 - Attachment ID:10718
02-25-2026 @ 21:52:06 - Row :8 - Product imported successfully.
02-25-2026 @ 21:52:06 - Row :9 - Parsing item.
02-25-2026 @ 21:52:06 - Importing as new product ID:10731
02-25-2026 @ 21:52:06 - Row :9 - Processing item.
02-25-2026 @ 21:52:06 - Found simple product object. ID:10731
02-25-2026 @ 21:52:06 - Setting Featured Image. URL:https://alat.printeraduo.hr/wp-content/uploads/udarna-builica-te-30-avr.jpg
02-25-2026 @ 21:52:06 - URL:https://alat.printeraduo.hr/wp-content/uploads/udarna-builica-te-30-avr.jpg Reason:Error getting remote image
02-25-2026 @ 21:52:07 - Row :9 - Product imported successfully.
02-25-2026 @ 21:52:07 - Row :10 - Parsing item.
02-25-2026 @ 21:52:07 - Importing as new product ID:10732
02-25-2026 @ 21:52:07 - Row :10 - Processing item.
02-25-2026 @ 21:52:07 - Found simple product object. ID:10732
02-25-2026 @ 21:52:07 - Setting Featured Image. URL:https://alat.printeraduo.hr/wp-content/uploads/udarna-builica-te-30.jpg
02-25-2026 @ 21:52:07 - Attachment ID:10717
02-25-2026 @ 21:52:07 - Row :10 - Product imported successfully.
02-25-2026 @ 21:52:08 - Preparing for import.
02-25-2026 @ 21:52:08 - Row :11 - Parsing item.
02-25-2026 @ 21:52:08 - Importing as new product ID:10733
02-25-2026 @ 21:52:08 - Row :11 - Processing item.
02-25-2026 @ 21:52:08 - Found simple product object. ID:10733
02-25-2026 @ 21:52:08 - Setting Featured Image. URL:https://alat.printeraduo.hr/wp-content/uploads/baterijska-udarna-builica-te-50-22.jpg
02-25-2026 @ 21:52:08 - Attachment ID:10713
02-25-2026 @ 21:52:08 - Row :11 - Product imported successfully.
02-25-2026 @ 21:52:08 - Row :12 - Parsing item.
02-25-2026 @ 21:52:08 - Importing as new product ID:10734
02-25-2026 @ 21:52:08 - Row :12 - Processing item.
02-25-2026 @ 21:52:08 - Found simple product object. ID:10734
02-25-2026 @ 21:52:08 - Setting Featured Image. URL:https://alat.printeraduo.hr/wp-content/uploads/baterijska-udarna-builica-te-60-22.jpg
02-25-2026 @ 21:52:08 - URL:https://alat.printeraduo.hr/wp-content/uploads/baterijska-udarna-builica-te-60-22.jpg Reason:Error getting remote image
02-25-2026 @ 21:52:09 - Row :12 - Product imported successfully.
02-25-2026 @ 21:52:09 - Row :13 - Parsing item.
02-25-2026 @ 21:52:09 - Importing as new product ID:10735
02-25-2026 @ 21:52:09 - Row :13 - Processing item.
02-25-2026 @ 21:52:09 - Found simple product object. ID:10735
02-25-2026 @ 21:52:09 - Setting Featured Image. URL:https://alat.printeraduo.hr/wp-content/uploads/baterijska-udarna-builica-te-70-22.jpg
02-25-2026 @ 21:52:09 - URL:https://alat.printeraduo.hr/wp-content/uploads/baterijska-udarna-builica-te-70-22.jpg Reason:Error getting remote image
02-25-2026 @ 21:52:09 - Row :13 - Product imported successfully.
02-25-2026 @ 21:52:09 - Row :14 - Parsing item.
02-25-2026 @ 21:52:09 - Importing as new product ID:10736
02-25-2026 @ 21:52:09 - Row :14 - Processing item.
02-25-2026 @ 21:52:09 - Found simple product object. ID:10736
02-25-2026 @ 21:52:09 - Setting Featured Image. URL:https://alat.printeraduo.hr/wp-content/uploads/udarna-builica-te-50-avr.jpg
02-25-2026 @ 21:52:09 - URL:https://alat.printeraduo.hr/wp-content/uploads/udarna-builica-te-50-avr.jpg Reason:Error getting remote image
02-25-2026 @ 21:52:09 - Row :14 - Product imported successfully.
02-25-2026 @ 21:52:09 - Row :15 - Parsing item.
02-25-2026 @ 21:52:09 - Importing as new product ID:10737
02-25-2026 @ 21:52:09 - Row :15 - Processing item.
02-25-2026 @ 21:52:09 - Found simple product object. ID:10737
02-25-2026 @ 21:52:09 - Setting Featured Image. URL:https://alat.printeraduo.hr/wp-content/uploads/udarna-builica-te-60-avr.jpg
02-25-2026 @ 21:52:09 - Attachment ID:10720
02-25-2026 @ 21:52:10 - Row :15 - Product imported successfully.
02-25-2026 @ 21:52:10 - Row :16 - Parsing item.
02-25-2026 @ 21:52:10 - Importing as new product ID:10738
02-25-2026 @ 21:52:10 - Row :16 - Processing item.
02-25-2026 @ 21:52:10 - Found simple product object. ID:10738
02-25-2026 @ 21:52:10 - Setting Featured Image. URL:https://alat.printeraduo.hr/wp-content/uploads/udarna-builica-te-60-atc-avr.jpg
02-25-2026 @ 21:52:10 - Attachment ID:10719
02-25-2026 @ 21:52:10 - Row :16 - Product imported successfully.
02-25-2026 @ 21:52:10 - Row :17 - Parsing item.
02-25-2026 @ 21:52:10 - Importing as new product ID:10739
02-25-2026 @ 21:52:10 - Row :17 - Processing item.
02-25-2026 @ 21:52:10 - Found simple product object. ID:10739
02-25-2026 @ 21:52:10 - Setting Featured Image. URL:https://alat.printeraduo.hr/wp-content/uploads/udarna-builica-te-70-avr.jpg
02-25-2026 @ 21:52:10 - Attachment ID:10722
02-25-2026 @ 21:52:10 - Row :17 - Product imported successfully.
02-25-2026 @ 21:52:10 - Row :18 - Parsing item.
02-25-2026 @ 21:52:11 - Importing as new product ID:10740
02-25-2026 @ 21:52:11 - Row :18 - Processing item.
02-25-2026 @ 21:52:11 - Found simple product object. ID:10740
02-25-2026 @ 21:52:11 - Setting Featured Image. URL:https://alat.printeraduo.hr/wp-content/uploads/udarna-builica-te-70-atcavr.jpg
02-25-2026 @ 21:52:11 - Attachment ID:10721
02-25-2026 @ 21:52:11 - Row :18 - Product imported successfully.
02-25-2026 @ 21:52:11 - ---[ Import ended at 2026-02-25 20:52:11]---
