02-25-2026 @ 21:54:05 - ---[ New import started at 2026-02-25 20:54:05 ] PHP Memory: 256 MB, WP Memory: 40 MB
02-25-2026 @ 21:54:05 - Preparing for import.
02-25-2026 @ 21:54:05 - Row :1 - Parsing item.
02-25-2026 @ 21:54:06 - Importing as new product ID:10745
02-25-2026 @ 21:54:06 - Row :1 - Processing item.
02-25-2026 @ 21:54:06 - Found simple product object. ID:10745
02-25-2026 @ 21:54:06 - Setting Featured Image. URL:https://alat.printeraduo.hr/wp-content/uploads/baterijska-udarna-builica-te-2-22.jpg
02-25-2026 @ 21:54:06 - Attachment ID:10709
02-25-2026 @ 21:54:06 - Row :1 - Product imported successfully.
02-25-2026 @ 21:54:06 - Row :2 - Parsing item.
02-25-2026 @ 21:54:06 - Importing as new product ID:10746
02-25-2026 @ 21:54:06 - Row :2 - Processing item.
02-25-2026 @ 21:54:06 - Found simple product object. ID:10746
02-25-2026 @ 21:54:06 - Setting Featured Image. URL:https://alat.printeraduo.hr/wp-content/uploads/udarna-builica-te-3-c.jpg
02-25-2026 @ 21:54:06 - Attachment ID:10714
02-25-2026 @ 21:54:06 - Row :2 - Product imported successfully.
02-25-2026 @ 21:54:06 - Row :3 - Parsing item.
02-25-2026 @ 21:54:06 - Importing as new product ID:10747
02-25-2026 @ 21:54:06 - Row :3 - Processing item.
02-25-2026 @ 21:54:06 - Found simple product object. ID:10747
02-25-2026 @ 21:54:06 - Setting Featured Image. URL:https://alat.printeraduo.hr/wp-content/uploads/udarna-builica-te-3-m.jpg
02-25-2026 @ 21:54:06 - Attachment ID:10715
02-25-2026 @ 21:54:07 - Row :3 - Product imported successfully.
02-25-2026 @ 21:54:07 - Row :4 - Parsing item.
02-25-2026 @ 21:54:07 - Importing as new product ID:10748
02-25-2026 @ 21:54:07 - Row :4 - Processing item.
02-25-2026 @ 21:54:07 - Found simple product object. ID:10748
02-25-2026 @ 21:54:07 - Setting Featured Image. URL:https://alat.printeraduo.hr/wp-content/uploads/baterijska-udarna-builica-te-4-22.jpg
02-25-2026 @ 21:54:07 - Attachment ID:10710
02-25-2026 @ 21:54:07 - Row :4 - Product imported successfully.
02-25-2026 @ 21:54:07 - Row :5 - Parsing item.
02-25-2026 @ 21:54:07 - Importing as new product ID:10749
02-25-2026 @ 21:54:07 - Row :5 - Processing item.
02-25-2026 @ 21:54:07 - Found simple product object. ID:10749
02-25-2026 @ 21:54:07 - Setting Featured Image. URL:https://alat.printeraduo.hr/wp-content/uploads/baterijska-udarna-builica-te-6-22.jpg
02-25-2026 @ 21:54:07 - Attachment ID:10711
02-25-2026 @ 21:54:08 - Row :5 - Product imported successfully.
02-25-2026 @ 21:54:08 - Row :6 - Parsing item.
02-25-2026 @ 21:54:08 - Importing as new product ID:10750
02-25-2026 @ 21:54:08 - Row :6 - Processing item.
02-25-2026 @ 21:54:08 - Found simple product object. ID:10750
02-25-2026 @ 21:54:08 - Setting Featured Image. URL:https://alat.printeraduo.hr/wp-content/uploads/udarna-builica-te-6-cl.jpg
02-25-2026 @ 21:54:08 - Attachment ID:10716
02-25-2026 @ 21:54:08 - Row :6 - Product imported successfully.
02-25-2026 @ 21:54:08 - Row :7 - Parsing item.
02-25-2026 @ 21:54:08 - Importing as new product ID:10751
02-25-2026 @ 21:54:08 - Row :7 - Processing item.
02-25-2026 @ 21:54:08 - Found simple product object. ID:10751
02-25-2026 @ 21:54:08 - Setting Featured Image. URL:https://alat.printeraduo.hr/wp-content/uploads/baterijska-udarna-builica-te-30-22.jpg
02-25-2026 @ 21:54:08 - Attachment ID:10712
02-25-2026 @ 21:54:09 - Row :7 - Product imported successfully.
02-25-2026 @ 21:54:09 - Row :8 - Parsing item.
02-25-2026 @ 21:54:09 - Importing as new product ID:10752
02-25-2026 @ 21:54:09 - Row :8 - Processing item.
02-25-2026 @ 21:54:09 - Found simple product object. ID:10752
02-25-2026 @ 21:54:09 - Setting Featured Image. URL:https://alat.printeraduo.hr/wp-content/uploads/udarna-builica-te-30-atcavr.jpg
02-25-2026 @ 21:54:09 - Attachment ID:10718
02-25-2026 @ 21:54:09 - Row :8 - Product imported successfully.
02-25-2026 @ 21:54:09 - Row :9 - Parsing item.
02-25-2026 @ 21:54:09 - Importing as new product ID:10753
02-25-2026 @ 21:54:09 - Row :9 - Processing item.
02-25-2026 @ 21:54:09 - Found simple product object. ID:10753
02-25-2026 @ 21:54:09 - Setting Featured Image. URL:https://alat.printeraduo.hr/wp-content/uploads/udarna-builica-te-30-avr.jpg
02-25-2026 @ 21:54:09 - Attachment ID:10743
02-25-2026 @ 21:54:09 - Row :9 - Product imported successfully.
02-25-2026 @ 21:54:09 - Row :10 - Parsing item.
02-25-2026 @ 21:54:09 - Importing as new product ID:10754
02-25-2026 @ 21:54:09 - Row :10 - Processing item.
02-25-2026 @ 21:54:09 - Found simple product object. ID:10754
02-25-2026 @ 21:54:10 - Setting Featured Image. URL:https://alat.printeraduo.hr/wp-content/uploads/udarna-builica-te-30.jpg
02-25-2026 @ 21:54:10 - Attachment ID:10717
02-25-2026 @ 21:54:10 - Row :10 - Product imported successfully.
02-25-2026 @ 21:54:10 - Preparing for import.
02-25-2026 @ 21:54:10 - Row :11 - Parsing item.
02-25-2026 @ 21:54:10 - Importing as new product ID:10755
02-25-2026 @ 21:54:10 - Row :11 - Processing item.
02-25-2026 @ 21:54:10 - Found simple product object. ID:10755
02-25-2026 @ 21:54:10 - Setting Featured Image. URL:https://alat.printeraduo.hr/wp-content/uploads/baterijska-udarna-builica-te-50-22.jpg
02-25-2026 @ 21:54:10 - Attachment ID:10713
02-25-2026 @ 21:54:11 - Row :11 - Product imported successfully.
02-25-2026 @ 21:54:11 - Row :12 - Parsing item.
02-25-2026 @ 21:54:11 - Importing as new product ID:10756
02-25-2026 @ 21:54:11 - Row :12 - Processing item.
02-25-2026 @ 21:54:11 - Found simple product object. ID:10756
02-25-2026 @ 21:54:11 - Setting Featured Image. URL:https://alat.printeraduo.hr/wp-content/uploads/baterijska-udarna-builica-te-60-22.jpg
02-25-2026 @ 21:54:11 - Attachment ID:10741
02-25-2026 @ 21:54:11 - Row :12 - Product imported successfully.
02-25-2026 @ 21:54:11 - Row :13 - Parsing item.
02-25-2026 @ 21:54:11 - Importing as new product ID:10757
02-25-2026 @ 21:54:11 - Row :13 - Processing item.
02-25-2026 @ 21:54:11 - Found simple product object. ID:10757
02-25-2026 @ 21:54:11 - Setting Featured Image. URL:https://alat.printeraduo.hr/wp-content/uploads/baterijska-udarna-builica-te-70-22.jpg
02-25-2026 @ 21:54:11 - Attachment ID:10742
02-25-2026 @ 21:54:12 - Row :13 - Product imported successfully.
02-25-2026 @ 21:54:12 - Row :14 - Parsing item.
02-25-2026 @ 21:54:12 - Importing as new product ID:10758
02-25-2026 @ 21:54:12 - Row :14 - Processing item.
02-25-2026 @ 21:54:12 - Found simple product object. ID:10758
02-25-2026 @ 21:54:12 - Setting Featured Image. URL:https://alat.printeraduo.hr/wp-content/uploads/udarna-builica-te-50-avr.jpg
02-25-2026 @ 21:54:12 - Attachment ID:10744
02-25-2026 @ 21:54:12 - Row :14 - Product imported successfully.
02-25-2026 @ 21:54:12 - Row :15 - Parsing item.
02-25-2026 @ 21:54:12 - Importing as new product ID:10759
02-25-2026 @ 21:54:12 - Row :15 - Processing item.
02-25-2026 @ 21:54:12 - Found simple product object. ID:10759
02-25-2026 @ 21:54:12 - Setting Featured Image. URL:https://alat.printeraduo.hr/wp-content/uploads/udarna-builica-te-60-avr.jpg
02-25-2026 @ 21:54:12 - Attachment ID:10720
02-25-2026 @ 21:54:13 - Row :15 - Product imported successfully.
02-25-2026 @ 21:54:13 - Row :16 - Parsing item.
02-25-2026 @ 21:54:13 - Importing as new product ID:10760
02-25-2026 @ 21:54:13 - Row :16 - Processing item.
02-25-2026 @ 21:54:13 - Found simple product object. ID:10760
02-25-2026 @ 21:54:13 - Setting Featured Image. URL:https://alat.printeraduo.hr/wp-content/uploads/udarna-builica-te-60-atc-avr.jpg
02-25-2026 @ 21:54:13 - Attachment ID:10719
02-25-2026 @ 21:54:13 - Row :16 - Product imported successfully.
02-25-2026 @ 21:54:13 - Row :17 - Parsing item.
02-25-2026 @ 21:54:13 - Importing as new product ID:10761
02-25-2026 @ 21:54:13 - Row :17 - Processing item.
02-25-2026 @ 21:54:13 - Found simple product object. ID:10761
02-25-2026 @ 21:54:13 - Setting Featured Image. URL:https://alat.printeraduo.hr/wp-content/uploads/udarna-builica-te-70-avr.jpg
02-25-2026 @ 21:54:13 - Attachment ID:10722
02-25-2026 @ 21:54:14 - Row :17 - Product imported successfully.
02-25-2026 @ 21:54:14 - Row :18 - Parsing item.
02-25-2026 @ 21:54:14 - Importing as new product ID:10762
02-25-2026 @ 21:54:14 - Row :18 - Processing item.
02-25-2026 @ 21:54:14 - Found simple product object. ID:10762
02-25-2026 @ 21:54:14 - Setting Featured Image. URL:https://alat.printeraduo.hr/wp-content/uploads/udarna-builica-te-70-atcavr.jpg
02-25-2026 @ 21:54:14 - Attachment ID:10721
02-25-2026 @ 21:54:14 - Row :18 - Product imported successfully.
02-25-2026 @ 21:54:14 - ---[ Import ended at 2026-02-25 20:54:14]---
